------------------------------------------------------------
Timing Analyzer Summary
------------------------------------------------------------

Type  : Slow 1200mV 85C Model Setup 'vgapll_inst|altpll_component|auto_generated|pll1|clk[0]'
Slack : 33.374
TNS   : 0.000

Type  : Slow 1200mV 85C Model Hold 'vgapll_inst|altpll_component|auto_generated|pll1|clk[0]'
Slack : 0.428
TNS   : 0.000

Type  : Slow 1200mV 85C Model Minimum Pulse Width 'MAX10_CLK1_50'
Slack : 9.801
TNS   : 0.000

Type  : Slow 1200mV 85C Model Minimum Pulse Width 'MAX10_CLK2_50'
Slack : 16.000
TNS   : 0.000

Type  : Slow 1200mV 85C Model Minimum Pulse Width 'vgapll_inst|altpll_component|auto_generated|pll1|clk[0]'
Slack : 19.715
TNS   : 0.000

Type  : Slow 1200mV 85C Model Minimum Pulse Width 'ADC_CLK_10'
Slack : 96.000
TNS   : 0.000

Type  : Slow 1200mV 0C Model Setup 'vgapll_inst|altpll_component|auto_generated|pll1|clk[0]'
Slack : 33.920
TNS   : 0.000

Type  : Slow 1200mV 0C Model Hold 'vgapll_inst|altpll_component|auto_generated|pll1|clk[0]'
Slack : 0.392
TNS   : 0.000

Type  : Slow 1200mV 0C Model Minimum Pulse Width 'MAX10_CLK1_50'
Slack : 9.736
TNS   : 0.000

Type  : Slow 1200mV 0C Model Minimum Pulse Width 'MAX10_CLK2_50'
Slack : 16.000
TNS   : 0.000

Type  : Slow 1200mV 0C Model Minimum Pulse Width 'vgapll_inst|altpll_component|auto_generated|pll1|clk[0]'
Slack : 19.708
TNS   : 0.000

Type  : Slow 1200mV 0C Model Minimum Pulse Width 'ADC_CLK_10'
Slack : 96.000
TNS   : 0.000

Type  : Fast 1200mV 0C Model Setup 'vgapll_inst|altpll_component|auto_generated|pll1|clk[0]'
Slack : 37.303
TNS   : 0.000

Type  : Fast 1200mV 0C Model Hold 'vgapll_inst|altpll_component|auto_generated|pll1|clk[0]'
Slack : 0.161
TNS   : 0.000

Type  : Fast 1200mV 0C Model Minimum Pulse Width 'MAX10_CLK1_50'
Slack : 9.523
TNS   : 0.000

Type  : Fast 1200mV 0C Model Minimum Pulse Width 'MAX10_CLK2_50'
Slack : 16.000
TNS   : 0.000

Type  : Fast 1200mV 0C Model Minimum Pulse Width 'vgapll_inst|altpll_component|auto_generated|pll1|clk[0]'
Slack : 19.781
TNS   : 0.000

Type  : Fast 1200mV 0C Model Minimum Pulse Width 'ADC_CLK_10'
Slack : 96.000
TNS   : 0.000

------------------------------------------------------------
